Symbols
  (fromList
     [ SymMethod
         { sv_origName =
             OrigName
               { origPackage = Nothing
               , origGName = GName { gModule = "ExportListMembers" , gName = "x" }
               }
         , sv_fixity = Nothing
         , sv_className =
             OrigName
               { origPackage = Nothing
               , origGName =
                   GName { gModule = "ExportListMembers" , gName = "Bar" }
               }
         }
     , SymSelector
         { sv_origName =
             OrigName
               { origPackage = Nothing
               , origGName = GName { gModule = "ExportListMembers" , gName = "c" }
               }
         , sv_fixity = Nothing
         , sv_typeName =
             OrigName
               { origPackage = Nothing
               , origGName =
                   GName { gModule = "ExportListMembers" , gName = "Foo" }
               }
         , sv_constructors =
             [ OrigName
                 { origPackage = Nothing
                 , origGName =
                     GName { gModule = "ExportListMembers" , gName = "Foo2" }
                 }
             ]
         }
     , SymConstructor
         { sv_origName =
             OrigName
               { origPackage = Nothing
               , origGName =
                   GName { gModule = "ExportListMembers" , gName = "Foo1" }
               }
         , sv_fixity = Nothing
         , sv_typeName =
             OrigName
               { origPackage = Nothing
               , origGName =
                   GName { gModule = "ExportListMembers" , gName = "Foo" }
               }
         }
     , SymConstructor
         { sv_origName =
             OrigName
               { origPackage = Nothing
               , origGName =
                   GName { gModule = "ExportListMembers" , gName = "Foo3" }
               }
         , sv_fixity = Nothing
         , sv_typeName =
             OrigName
               { origPackage = Nothing
               , origGName =
                   GName { gModule = "ExportListMembers" , gName = "Foo" }
               }
         }
     , SymConstructor
         { sv_origName =
             OrigName
               { origPackage = Nothing
               , origGName = GName { gModule = "ExportListMembers" , gName = "N" }
               }
         , sv_fixity = Nothing
         , sv_typeName =
             OrigName
               { origPackage = Nothing
               , origGName = GName { gModule = "ExportListMembers" , gName = "N" }
               }
         }
     ])
  (fromList
     [ SymData
         { st_origName =
             OrigName
               { origPackage = Nothing
               , origGName =
                   GName { gModule = "ExportListMembers" , gName = "Foo" }
               }
         , st_fixity = Nothing
         }
     , SymNewType
         { st_origName =
             OrigName
               { origPackage = Nothing
               , origGName = GName { gModule = "ExportListMembers" , gName = "N" }
               }
         , st_fixity = Nothing
         }
     , SymClass
         { st_origName =
             OrigName
               { origPackage = Nothing
               , origGName =
                   GName { gModule = "ExportListMembers" , gName = "Bar" }
               }
         , st_fixity = Nothing
         }
     ])