Symbols (
  fromList
    [ SymValue
        { sv_origName = OrigName
                          { origPackage = Nothing
                          , origGName = GName
                                          { gModule = "ExportList2"
                                          , gName = "c"
                                          }
                          }
        , sv_fixity = Nothing
        }
    , SymSelector
        { sv_origName = OrigName
                          { origPackage = Nothing
                          , origGName = GName
                                          { gModule = "ExportList2"
                                          , gName = "b"
                                          }
                          }
        , sv_fixity = Nothing
        , sv_typeName = OrigName
                          { origPackage = Nothing
                          , origGName = GName
                                          { gModule = "ExportList2"
                                          , gName = "A"
                                          }
                          }
        , sv_constructors = [ OrigName
                                { origPackage = Nothing
                                , origGName = GName
                                                { gModule = "ExportList2"
                                                , gName = "A"
                                                }
                                }
                            , OrigName
                                { origPackage = Nothing
                                , origGName = GName
                                                { gModule = "ExportList2"
                                                , gName = "B"
                                                }
                                }
                            ]
        }
    ] ) (
  fromList [] )