Symbols (
  fromList
    [ SymValue
        { sv_origName = OrigName
                          { origPackage = Nothing
                          , origGName = GName
                                          { gModule = "Main"
                                          , gName = "main"
                                          }
                          }
        , sv_fixity = Nothing
        }
    ] ) (
  fromList [] )